{"msg":["AQualMismatch.f\nis declared but no definition was found","Add an 'assume' if this is intentional"],"level":"Warning","range":{"def":{"file_name":"AQualMismatch.fst","start_pos":{"line":3,"col":4},"end_pos":{"line":3,"col":5}},"use":{"file_name":"AQualMismatch.fst","start_pos":{"line":3,"col":4},"end_pos":{"line":3,"col":5}}},"number":240,"ctx":["While desugaring module AQualMismatch"]}
>> Got issues: [
{"msg":["Inconsistent implicit argument annotation on argument x","Got: '#'","Expected: ''"],"level":"Error","range":{"def":{"file_name":"AQualMismatch.fst","start_pos":{"line":6,"col":7},"end_pos":{"line":6,"col":8}},"use":{"file_name":"AQualMismatch.fst","start_pos":{"line":6,"col":7},"end_pos":{"line":6,"col":8}}},"number":91,"ctx":["While typechecking the top-level declaration `let f`","While typechecking the top-level declaration `[@@expect_failure] let f`"]}
>>]
{"msg":["Missing definitions in module AQualMismatch: f"],"level":"Warning","range":{"def":{"file_name":"dummy","start_pos":{"line":0,"col":0},"end_pos":{"line":0,"col":0}},"use":{"file_name":"AQualMismatch.fst","start_pos":{"line":6,"col":0},"end_pos":{"line":6,"col":12}}},"number":240,"ctx":[]}
