>> Got issues: [
* Error 91 at AQualMismatch.fst(6,7-6,8):
  - Inconsistent implicit argument annotation on argument x
  - Got: '#'
  - Expected: ''

>>]
* Warning 240 at AQualMismatch.fst(3,4-3,5):
  - AQualMismatch.f is declared but no definition was found
  - Add an 'assume' if this is intentional

* Warning 240 at AQualMismatch.fst(6,0-6,12):
  - Missing definitions in module AQualMismatch: f

Verified module: AQualMismatch
All verification conditions discharged successfully
