>> Got issues: [
* Error 173 at ArgsMismatch.fst(7,33-7,34):
  - Too many arguments to function of type y: Prims.int -> Prims.int
  - Got 2 arguments
  - Remaining type is Prims.int

>>]
>> Got issues: [
* Error 92 at ArgsMismatch.fst(8,35-8,36):
  - Inconsistent argument qualifiers.
  - Expected an implicit argument, got an explicit one.

>>]
>> Got issues: [
* Error 173 at ArgsMismatch.fst(10,34-10,35):
  - Too many arguments to function of type y: Prims.int -> Prims.int
  - Got 2 arguments
  - Remaining type is Prims.int

>>]
>> Got issues: [
* Error 173 at ArgsMismatch.fst(14,33-14,34):
  - Too many arguments to function of type y: Prims.int -> Prims.int
  - Got 2 arguments
  - Remaining type is Prims.int

>>]
>> Got issues: [
* Error 92 at ArgsMismatch.fst(15,35-15,36):
  - Inconsistent argument qualifiers.
  - Expected an implicit argument, got an explicit one.

>>]
>> Got issues: [
* Error 173 at ArgsMismatch.fst(17,34-17,35):
  - Too many arguments to function of type y: Prims.int -> Prims.int
  - Got 2 arguments
  - Remaining type is Prims.int

>>]
>> Got issues: [
* Error 173 at ArgsMismatch.fst(21,33-21,34):
  - Too many arguments to function of type [@@@ 2]y: Prims.int -> Prims.int
  - Got 2 arguments
  - Remaining type is Prims.int

>>]
>> Got issues: [
* Error 92 at ArgsMismatch.fst(22,35-22,36):
  - Inconsistent argument qualifiers.
  - Expected an implicit argument, got an explicit one.

>>]
>> Got issues: [
* Error 173 at ArgsMismatch.fst(24,34-24,35):
  - Too many arguments to function of type [@@@ 2]y: Prims.int -> Prims.int
  - Got 2 arguments
  - Remaining type is Prims.int

>>]
>> Got issues: [
* Error 173 at ArgsMismatch.fst(28,33-28,34):
  - Too many arguments to function of type [@@@ 2]y: Prims.int -> Prims.int
  - Got 2 arguments
  - Remaining type is Prims.int

>>]
>> Got issues: [
* Error 92 at ArgsMismatch.fst(29,35-29,36):
  - Inconsistent argument qualifiers.
  - Expected an implicit argument, got an explicit one.

>>]
>> Got issues: [
* Error 173 at ArgsMismatch.fst(31,34-31,35):
  - Too many arguments to function of type [@@@ 2]y: Prims.int -> Prims.int
  - Got 2 arguments
  - Remaining type is Prims.int

>>]
