>> Got issues: [
{"msg":["When clauses are not yet supported in --verify mode; they will be some day"],"level":"Error","range":{"def":{"file_name":"Bug2953.fst","start_pos":{"line":14,"col":21},"end_pos":{"line":14,"col":31}},"use":{"file_name":"Bug2953.fst","start_pos":{"line":14,"col":21},"end_pos":{"line":14,"col":31}}},"number":236,"ctx":["While typechecking the top-level declaration `let open_view`","While typechecking the top-level declaration `[@@expect_failure] let open_view`"]}
>>]
