{"msg":["Bug3232d.f\nis declared but no definition was found","Add an 'assume' if this is intentional"],"level":"Warning","range":{"def":{"file_name":"Bug3232d.fst","start_pos":{"line":4,"col":4},"end_pos":{"line":4,"col":5}},"use":{"file_name":"Bug3232d.fst","start_pos":{"line":4,"col":4},"end_pos":{"line":4,"col":5}}},"number":240,"ctx":["While desugaring module Bug3232d"]}
>> Got issues: [
{"msg":["Inconsistent qualifier annotations on\nBug3232d.f","Expected '[inline_for_extraction]'\ngot '[noextract]'","Only in declaration: '[inline_for_extraction]'","Only in definition: '[noextract]'"],"level":"Error","range":{"def":{"file_name":"Bug3232d.fst","start_pos":{"line":8,"col":0},"end_pos":{"line":8,"col":12}},"use":{"file_name":"Bug3232d.fst","start_pos":{"line":8,"col":0},"end_pos":{"line":8,"col":12}}},"number":93,"ctx":["While typechecking the top-level declaration `let f`","While typechecking the top-level declaration `[@@expect_failure] let f`"]}
>>]
{"msg":["Missing definitions in module Bug3232d: f"],"level":"Warning","range":{"def":{"file_name":"dummy","start_pos":{"line":0,"col":0},"end_pos":{"line":0,"col":0}},"use":{"file_name":"Bug3232d.fst","start_pos":{"line":8,"col":0},"end_pos":{"line":8,"col":12}}},"number":240,"ctx":[]}
