proof-state: State dump @ depth 1 (1):
Location: DumpUvarsOf.fst(13,4-13,12)
Goal 1/1:
(_: Prims.unit) |- _ : Prims.squash (DumpUvarsOf.p (*?u89*) _ (*?u90*) _)

proof-state: State dump @ depth 1 (2):
Location: DumpUvarsOf.fst(14,4-14,36)
Goal 1/2:
(_: Prims.unit) |- _ : Prims.bool

Goal 2/2:
(_: Prims.unit) |- _ : Prims.int

Verified module: DumpUvarsOf
All verification conditions discharged successfully
