>> Got issues: [
{"msg":["Subtyping check failed","Expected type Prims.eqtype\ngot type Type0","The SMT solver could not prove the query. Use --query_stats for more details."],"level":"Error","range":{"def":{"file_name":"Prims.fst","start_pos":{"line":81,"col":23},"end_pos":{"line":81,"col":30}},"use":{"file_name":"Inference.fst","start_pos":{"line":20,"col":14},"end_pos":{"line":20,"col":15}}},"number":19,"ctx":["While checking for top-level effects","While typechecking the top-level declaration `let alloc_fails`","While typechecking the top-level declaration `[@@expect_failure] let alloc_fails`"]}
{"msg":["Subtyping check failed","Expected type Prims.eqtype\ngot type Type0","The SMT solver could not prove the query. Use --query_stats for more details."],"level":"Error","range":{"def":{"file_name":"Prims.fst","start_pos":{"line":81,"col":23},"end_pos":{"line":81,"col":30}},"use":{"file_name":"Inference.fst","start_pos":{"line":20,"col":14},"end_pos":{"line":20,"col":15}}},"number":19,"ctx":["While typechecking the top-level declaration `let alloc_fails`","While typechecking the top-level declaration `[@@expect_failure] let alloc_fails`"]}
>>]
