>> Got issues: [
NegativeTests.Bug260.fst(26,12-26,19): (Error 19) Subtyping check failed; expected type validity (S (S t)); got type validity (S t); The SMT solver could not prove the query. Use --query_stats for more details. (see also NegativeTests.Bug260.fst(23,37-26,9))
>>]
NegativeTests.Bug260.fst(23,4-23,7): (Warning 240) Admitting NegativeTests.Bug260.bad without a definition
Verified module: NegativeTests.Bug260
All verification conditions discharged successfully
