>> Got issues: [
{"msg":["Tactic failed","oops"],"level":"Error","range":{"def":{"file_name":"ResolveImplicitsErrorPos.fst","start_pos":{"line":15,"col":10},"end_pos":{"line":15,"col":11}},"use":{"file_name":"ResolveImplicitsErrorPos.fst","start_pos":{"line":15,"col":10},"end_pos":{"line":15,"col":11}}},"number":228,"ctx":["While solving implicits with a tactic","While solving deferred constraints","While typechecking the top-level declaration `let test`","While typechecking the top-level declaration `[@@expect_failure] let test`"]}
>>]
