{"msg":["Expected failure:","Failed to prove that the type\n'TestHasEq.t3'\nsupports decidable equality because of this argument.","Add either the 'noeq' or 'unopteq' qualifier","The SMT solver could not prove the query. Use --query_stats for more details."],"level":"Info","range":{"def":{"file_name":"TestHasEq.fst","start_pos":{"line":57,"col":0},"end_pos":{"line":58,"col":19}},"use":{"file_name":"TestHasEq.fst","start_pos":{"line":58,"col":10},"end_pos":{"line":58,"col":11}}},"number":19,"ctx":["While typechecking the top-level declaration `type TestHasEq.t3`","While typechecking the top-level declaration `[@@expect_failure] type TestHasEq.t3`"]}
{"msg":["Expected failure:","Subtyping check failed","Expected type Prims.eqtype\ngot type Type0","The SMT solver could not prove the query. Use --query_stats for more details."],"level":"Info","range":{"def":{"file_name":"TestHasEq.fst","start_pos":{"line":84,"col":12},"end_pos":{"line":84,"col":22}},"use":{"file_name":"TestHasEq.fst","start_pos":{"line":84,"col":10},"end_pos":{"line":84,"col":70}}},"number":19,"ctx":["While typechecking the top-level declaration `let test`","While typechecking the top-level declaration `[@@expect_failure] let test`"]}
{"msg":["Expected failure:","Invalid qualifiers for declaration `type TestHasEq.erasable_t2`","The `unopteq` qualifier is not allowed on erasable inductives since they don't\nhave decidable equality."],"level":"Info","range":{"def":{"file_name":"TestHasEq.fst","start_pos":{"line":88,"col":8},"end_pos":{"line":89,"col":30}},"use":{"file_name":"TestHasEq.fst","start_pos":{"line":88,"col":8},"end_pos":{"line":89,"col":30}}},"number":162,"ctx":["While typechecking the top-level declaration `type TestHasEq.erasable_t2`","While typechecking the top-level declaration `[@@expect_failure] type TestHasEq.erasable_t2`"]}
