>> Got issues: [
{"msg":["Assertion failed","The SMT solver could not prove the query. Use --query_stats for more details."],"level":"Error","range":{"def":{"file_name":"Unit2.fst","start_pos":{"line":37,"col":21},"end_pos":{"line":38,"col":60}},"use":{"file_name":"Unit2.fst","start_pos":{"line":37,"col":21},"end_pos":{"line":38,"col":60}}},"number":19,"ctx":["While typechecking the top-level declaration `let test6`","While typechecking the top-level declaration `[@@expect_failure] let test6`"]}
>>]
