Verified module: TestPrintable
All verification conditions discharged successfully
