{"kind": "protocol-info", "rest": "[...]"}
{"kind": "response", "query-id": "1", "response": [], "status": "success"}
{"contents": {"depth": 0, "goals": [{"goal": {"label": "", "type": "squash l_True", "witness": "(*?u[...]*) _"}, "hyps": []}, {"goal": {"label": "", "type": "squash l_True", "witness": "(*?u[...]*) _"}, "hyps": []}], "label": "at the time of failure", "location": {"beg": [6, 25], "end": [6, 33], "fname": "<input>"}, "smt-goals": [], "urgency": 1}, "kind": "message", "level": "proof-state", "query-id": "2"}
{"kind": "response", "query-id": "2", "response": [{"level": "error", "message": "- Tactic failed\n- A\n- See also <input>(6,25-6,33)\n", "number": 228, "ranges": [{"beg": [5, 2], "end": [5, 18], "fname": "<input>"}, {"beg": [6, 25], "end": [6, 33], "fname": "<input>"}]}], "status": "failure"}
{"kind": "response", "query-id": "3", "response": [], "status": "success"}
{"contents": {"depth": 0, "goals": [{"goal": {"label": "", "type": "squash l_True", "witness": "(*?u[...]*) _"}, "hyps": [{"name": "uu___", "type": "unit"}]}, {"goal": {"label": "", "type": "squash l_True", "witness": "(*?u[...]*) _"}, "hyps": [{"name": "uu___", "type": "unit"}]}], "label": "at the time of failure", "location": {"beg": [10, 25], "end": [10, 33], "fname": "<input>"}, "smt-goals": [], "urgency": 1}, "kind": "message", "level": "proof-state", "query-id": "4"}
{"kind": "response", "query-id": "4", "response": [{"level": "error", "message": "- Tactic failed\n- B\n- See also <input>(10,25-10,33)\n", "number": 228, "ranges": [{"beg": [9, 2], "end": [9, 18], "fname": "<input>"}, {"beg": [10, 25], "end": [10, 33], "fname": "<input>"}]}], "status": "failure"}
{"kind": "response", "query-id": "5", "response": [], "status": "success"}
{"contents": {"depth": 0, "goals": [{"goal": {"label": "", "type": "squash (l_True /\\ l_True)", "witness": "(*?u[...]*) _"}, "hyps": []}], "label": "at the time of failure", "location": {"beg": [13, 2], "end": [13, 18], "fname": "<input>"}, "smt-goals": [], "urgency": 1}, "kind": "message", "level": "proof-state", "query-id": "6"}
{"kind": "response", "query-id": "6", "response": [{"level": "error", "message": "- Tactic failed\n- C\n", "number": 228, "ranges": [{"beg": [13, 2], "end": [13, 18], "fname": "<input>"}]}], "status": "failure"}
{"kind": "response", "query-id": "7", "response": [], "status": "success"}
{"contents": {"depth": 0, "goals": [{"goal": {"label": "", "type": "squash (l_True /\\ l_True)", "witness": "(*?u[...]*) _"}, "hyps": [{"name": "uu___", "type": "unit"}]}], "label": "at the time of failure", "location": {"beg": [17, 2], "end": [17, 18], "fname": "<input>"}, "smt-goals": [], "urgency": 1}, "kind": "message", "level": "proof-state", "query-id": "8"}
{"kind": "response", "query-id": "8", "response": [{"level": "error", "message": "- Tactic failed\n- D\n", "number": 228, "ranges": [{"beg": [17, 2], "end": [17, 18], "fname": "<input>"}]}], "status": "failure"}
{"kind": "response", "query-id": "9", "response": [], "status": "success"}
