{"kind": "protocol-info", "rest": "[...]"}
{"kind": "response", "query-id": "1", "response": [], "status": "success"}
{"kind": "response", "query-id": "2", "response": null, "status": "success"}
{"kind": "response", "query-id": "3", "response": "Current module unset", "status": "failure"}
