{"kind": "protocol-info", "rest": "[...]"}
{"kind": "response", "query-id": "1", "response": [], "status": "success"}
{"kind": "response", "query-id": "2", "response": [], "status": "success"}
{"kind": "response", "query-id": "3", "response": [], "status": "success"}
{"kind": "response", "query-id": "4", "response": [], "status": "success"}
{"kind": "response", "query-id": "5", "response": [], "status": "success"}
{"kind": "response", "query-id": "6", "response": null, "status": "success"}
{"kind": "response", "query-id": "7", "response": null, "status": "success"}
{"kind": "response", "query-id": "8", "response": null, "status": "success"}
{"kind": "response", "query-id": "9", "response": [], "status": "success"}
{"kind": "response", "query-id": "10", "response": [], "status": "success"}
{"kind": "response", "query-id": "11", "response": [], "status": "success"}
{"kind": "response", "query-id": "12", "response": null, "status": "success"}
{"kind": "response", "query-id": "13", "response": null, "status": "success"}
{"kind": "response", "query-id": "14", "response": null, "status": "success"}
{"kind": "response", "query-id": "15", "response": null, "status": "success"}
{"kind": "response", "query-id": "16", "response": [], "status": "success"}
{"kind": "response", "query-id": "17", "response": [], "status": "success"}
{"kind": "response", "query-id": "18", "response": [], "status": "success"}
{"kind": "response", "query-id": "19", "response": [], "status": "success"}
{"kind": "response", "query-id": "20", "response": null, "status": "success"}
{"kind": "response", "query-id": "21", "response": null, "status": "success"}
{"kind": "response", "query-id": "22", "response": null, "status": "success"}
{"kind": "response", "query-id": "23", "response": null, "status": "success"}
{"kind": "response", "query-id": "24", "response": [], "status": "success"}
{"kind": "response", "query-id": "25", "response": [], "status": "success"}
{"kind": "response", "query-id": "26", "response": [], "status": "success"}
{"kind": "response", "query-id": "27", "response": [], "status": "success"}
{"kind": "response", "query-id": "28", "response": null, "status": "success"}
{"kind": "response", "query-id": "29", "response": null, "status": "success"}
{"kind": "response", "query-id": "30", "response": null, "status": "success"}
{"kind": "response", "query-id": "31", "response": null, "status": "success"}
{"kind": "response", "query-id": "32", "response": [], "status": "success"}
{"kind": "response", "query-id": "33", "response": [], "status": "success"}
{"kind": "response", "query-id": "34", "response": [], "status": "success"}
{"kind": "response", "query-id": "35", "response": [], "status": "success"}
{"kind": "response", "query-id": "36", "response": null, "status": "success"}
{"kind": "response", "query-id": "37", "response": null, "status": "success"}
{"kind": "response", "query-id": "38", "response": null, "status": "success"}
{"kind": "response", "query-id": "39", "response": [], "status": "success"}
{"kind": "response", "query-id": "40", "response": [], "status": "success"}
{"kind": "response", "query-id": "41", "response": [], "status": "success"}
{"kind": "response", "query-id": "42", "response": null, "status": "success"}
{"kind": "response", "query-id": "43", "response": null, "status": "success"}
{"kind": "response", "query-id": "44", "response": null, "status": "success"}
{"kind": "response", "query-id": "45", "response": null, "status": "success"}
{"kind": "response", "query-id": "46", "response": [], "status": "success"}
{"kind": "response", "query-id": "47", "response": [], "status": "success"}
{"kind": "response", "query-id": "48", "response": [], "status": "success"}
{"kind": "response", "query-id": "49", "response": [], "status": "success"}
{"kind": "response", "query-id": "50", "response": null, "status": "success"}
{"kind": "response", "query-id": "51", "response": null, "status": "success"}
{"kind": "response", "query-id": "52", "response": null, "status": "success"}
{"kind": "response", "query-id": "53", "response": null, "status": "success"}
{"kind": "response", "query-id": "54", "response": [], "status": "success"}
{"kind": "response", "query-id": "55", "response": [], "status": "success"}
{"kind": "response", "query-id": "56", "response": [], "status": "success"}
{"kind": "response", "query-id": "57", "response": [], "status": "success"}
{"kind": "response", "query-id": "58", "response": null, "status": "success"}
{"kind": "response", "query-id": "59", "response": null, "status": "success"}
{"kind": "response", "query-id": "60", "response": null, "status": "success"}
{"kind": "response", "query-id": "61", "response": null, "status": "success"}
{"kind": "response", "query-id": "62", "response": [], "status": "success"}
{"kind": "response", "query-id": "63", "response": [], "status": "success"}
{"kind": "response", "query-id": "64", "response": [], "status": "success"}
{"kind": "response", "query-id": "65", "response": [], "status": "success"}
{"kind": "response", "query-id": "66", "response": null, "status": "success"}
{"kind": "response", "query-id": "67", "response": null, "status": "success"}
{"kind": "response", "query-id": "68", "response": null, "status": "success"}
{"kind": "response", "query-id": "69", "response": null, "status": "success"}
{"kind": "response", "query-id": "70", "response": null, "status": "success"}
{"kind": "response", "query-id": "71", "response": [], "status": "success"}
{"kind": "response", "query-id": "72", "response": [], "status": "success"}
{"kind": "response", "query-id": "73", "response": [], "status": "success"}
{"kind": "response", "query-id": "74", "response": [], "status": "success"}
{"kind": "response", "query-id": "75", "response": [], "status": "success"}
{"kind": "response", "query-id": "79", "response": [], "status": "success"}
{"kind": "response", "query-id": "80", "response": [], "status": "success"}
{"kind": "response", "query-id": "91", "response": [{"level": "error", "message": "Syntax error: Parsing.Parse_error", "ranges": [{"beg": [12, 0], "end": [12, 0], "fname": "<input>"}]}], "status": "success"}
{"kind": "response", "query-id": "98", "response": [], "status": "success"}
{"kind": "response", "query-id": "101", "response": [{"level": "error", "message": "Subtyping check failed; expected type nat; got type int", "ranges": [{"beg": [11, 15], "end": [11, 17], "fname": "<input>"}, {"beg": [441, 17], "end": [441, 23], "fname": "prims.fst"}]}], "status": "failure"}
{"kind": "response", "query-id": "107", "response": [], "status": "success"}
{"kind": "response", "query-id": "108", "response": [], "status": "success"}
{"kind": "response", "query-id": "112", "response": null, "status": "success"}
{"kind": "response", "query-id": "114", "response": [], "status": "success"}
{"kind": "response", "query-id": "116", "response": [{"level": "error", "message": "Subtyping check failed; expected type nat; got type int", "ranges": [{"beg": [11, 15], "end": [11, 17], "fname": "<input>"}, {"beg": [441, 17], "end": [441, 23], "fname": "prims.fst"}]}], "status": "failure"}
{"kind": "response", "query-id": "118", "response": [], "status": "success"}
{"kind": "response", "query-id": "119", "response": [], "status": "success"}
{"kind": "response", "query-id": "122", "response": null, "status": "success"}
{"kind": "response", "query-id": "124", "response": [], "status": "success"}
{"kind": "response", "query-id": "126", "response": [{"level": "error", "message": "Subtyping check failed; expected type nat; got type int", "ranges": [{"beg": [11, 15], "end": [11, 17], "fname": "<input>"}, {"beg": [441, 17], "end": [441, 23], "fname": "prims.fst"}]}], "status": "failure"}
{"kind": "response", "query-id": "128", "response": [], "status": "success"}
{"kind": "response", "query-id": "130", "response": [], "status": "success"}
{"kind": "response", "query-id": "133", "response": [], "status": "success"}
{"kind": "response", "query-id": "137", "response": [{"level": "error", "message": "Syntax error: Parsing.Parse_error", "ranges": [{"beg": [13, 4], "end": [13, 4], "fname": "<input>"}]}], "status": "success"}
{"kind": "response", "query-id": "159", "response": [{"level": "error", "message": "Expected expression of type \"Type0\"; got expression \"Integration.xx\" of type \"nat\"", "ranges": [{"beg": [13, 15], "end": [13, 20], "fname": "<input>"}]}], "status": "success"}
{"kind": "response", "query-id": "163", "response": [], "status": "success"}
{"kind": "response", "query-id": "164", "response": [], "status": "success"}
{"kind": "response", "query-id": "165", "response": [{"level": "error", "message": "assertion failed", "ranges": [{"beg": [13, 8], "end": [13, 14], "fname": "<input>"}, {"beg": [13, 15], "end": [13, 23], "fname": "<input>"}]}], "status": "failure"}
{"kind": "response", "query-id": "170", "response": [], "status": "success"}
{"kind": "response", "query-id": "175", "response": [{"level": "error", "message": "Unexpected numeric literal.  Restart F* to load FStar.UInt8.", "ranges": [{"beg": [13, 22], "end": [13, 24], "fname": "<input>"}]}], "status": "success"}
{"kind": "response", "query-id": "179", "response": [], "status": "success"}
{"kind": "response", "query-id": "180", "response": [{"level": "error", "message": "assertion failed", "ranges": [{"beg": [13, 8], "end": [13, 14], "fname": "<input>"}, {"beg": [13, 15], "end": [13, 24], "fname": "<input>"}]}], "status": "failure"}
{"kind": "response", "query-id": "185", "response": [], "status": "success"}
{"kind": "response", "query-id": "186", "response": [], "status": "success"}
{"kind": "response", "query-id": "191", "response": null, "status": "success"}
{"kind": "response", "query-id": "192", "response": null, "status": "success"}
{"kind": "response", "query-id": "194", "response": [], "status": "success"}
{"kind": "response", "query-id": "198", "response": [{"level": "error", "message": "Subtyping check failed; expected type nat; got type int", "ranges": [{"beg": [11, 15], "end": [11, 17], "fname": "<input>"}, {"beg": [441, 17], "end": [441, 23], "fname": "prims.fst"}]}], "status": "failure"}
{"kind": "response", "query-id": "200", "response": [], "status": "success"}
{"kind": "response", "query-id": "204", "response": [], "status": "success"}
{"kind": "response", "query-id": "205", "response": [{"level": "error", "message": "assertion failed", "ranges": [{"beg": [13, 8], "end": [13, 14], "fname": "<input>"}, {"beg": [13, 15], "end": [13, 23], "fname": "<input>"}]}], "status": "failure"}
{"kind": "response", "query-id": "211", "response": [], "status": "success"}
{"kind": "response", "query-id": "213", "response": [], "status": "success"}
{"kind": "response", "query-id": "214", "response": [], "status": "success"}
