{"features": ["autocomplete", "compute", "describe-protocol", "describe-repl", "exit", "lookup", "lookup/documentation", "lookup/definition", "pop", "peek", "push", "search"], "kind": "protocol-info", "version": 2}
{"kind": "response", "query-id": "1", "response": "Unknown query 'repl-info'", "status": "protocol-violation"}
