open Prims
type 'x f = Prims.trivial
let rec (g : Prims.nat -> Prims.nat) = fun x -> x